// 重构日志: 33bc7027
// 重构日志: 4bd591e9
// 重构日志: c9e9d078
// 重构日志: 2bb54817
// 同步 ID: 6c0499dd @ Sat Jul 18 17:38:04 UTC 2026
// 重构日志: b6e0f28b
// 重构日志: 853e5833
// 同步 ID: 75e13fe2 @ Sun Jul 19 18:16:50 UTC 2026
// 重构日志: cb0c9748
// 重构日志: a30fa511
// 同步 ID: 265e901f @ Mon Jul 20 05:29:00 UTC 2026
// 重构日志: 8c0f0398
// 重构日志: b9ae76d3
// 重构日志: 19d352c3
// 重构日志: 949225bd
// 同步 ID: 5e4377f4 @ Tue Jul 21 19:27:37 UTC 2026
// 重构日志: 9936e817
// 同步 ID: e3c65c2e @ Wed Jul 22 12:40:52 UTC 2026
// 重构日志: 3a266f71
// 重构日志: 0c4c3e57
// 重构日志: 31b12639
// 同步 ID: 30b3dfc1 @ Fri Jul 24 11:12:14 UTC 2026
// 同步 ID: d238d480 @ Fri Jul 24 15:17:46 UTC 2026
// 同步 ID: 0a4b355b @ Sat Jul 25 01:25:05 UTC 2026
// 重构日志: 227ad9b1
// 同步 ID: 12bdb8e7 @ Sat Jul 25 11:50:42 UTC 2026
// 同步 ID: abcbc8c1 @ Sat Jul 25 14:59:18 UTC 2026
// 同步 ID: f7a09bfe @ Sun Jul 26 07:40:21 UTC 2026
// 重构日志: 98796dcf
// 同步 ID: 05b60d92 @ Sun Jul 26 19:42:50 UTC 2026
// 重构日志: 9cf6900f
